Microchip MPLAB XC8 Compiler V3.10

Linker command line:

-W-3 \
  --edf=C:\Program Files\Microchip\xc8\v3.10\pic\dat\20250813170317_en.msgs \
  -cn -h+dist/default/production\ECU3.X.production.sym \
  --cmf=dist/default/production\ECU3.X.production.cmf -z -Q18F4580 \
  -oC:\Users\Hello\AppData\Local\Temp\xcAs4v0.0\driver_tmp_3.o \
  --defsym=__MPLAB_BUILD=1 --fixupoverflow=error \
  -Mdist/default/production/ECU3.X.production.map \
  --md=C:\Users\Hello\AppData\Local\Temp\xcAs4v0.0\driver_tmp_0.dat -E1 \
  -ver=XC8 Compiler -ACODE=00h-03000h -ACONST=00h-03000h \
  -ASMALLCONST=0600h-06FFhx42,03000h-03000h -AMEDIUMCONST=0600h-03000h \
  -ACOMRAM=01h-05Fh -AABS1=00h-05FFh -ABIGRAM=01h-05FFh \
  -ARAM=060h-0FFh,0100h-01FFhx5 -ABANK0=060h-0FFh -ABANK1=0100h-01FFh \
  -ABANK2=0200h-02FFh -ABANK3=0300h-03FFh -ABANK4=0400h-04FFh \
  -ABANK5=0500h-05FFh -ASFR=0D00h-0DFFhx2,0F00h-0F5Fh,0F60h-0FFFh \
  -ABIGSFR=0D00h-0FFFh -ACONFIG=0300000h-030000Dh -AIDLOC=0200000h-0200007h \
  -AEEDATA=0F00000h-0F000FFh -peeprom_data=EEDATA \
  -preset_vec=00h,intcode=8h,intcodelo=18h,sivt_lo,sivt_hi=CODE \
  -ppowerup=CODE,init -pramtop=0600h -psmallconst=SMALLCONST \
  -pmediumconst=MEDIUMCONST -pconst=CONST -AFARRAM=00h-00h \
  -prdata=COMRAM,nvrram=COMRAM,nvbit=COMRAM,rbss=COMRAM,rbit=COMRAM \
  -pfarbss=FARRAM,fardata=FARRAM,nvFARRAM=FARRAM \
  -pintsave_regs=BIGRAM,bigbss=BIGRAM,bigdata=BIGRAM -pbss=RAM \
  -pidata=CODE,irdata=CODE,ibigdata=CODE,ifardata=CODE -prparam=COMRAM \
  C:\Users\Hello\AppData\Local\Temp\xcAs4v0.0\driver_tmp_9.o \
  dist/default/production\ECU3.X.production.o 

Object code version is 3.11

Machine type is 18F4580



                Name                               Link     Load   Length Selector   Space Scale
C:\Users\Hello\AppData\Local\Temp\xcAs4v0.0\driver_tmp_9.o
                idloc                            200000   200000        8        0       5
                config                           300000   300000        E        0       4
                init                               2FFC     2FFC        4     17FE       0
                reset_vec                             0        0        4        0       0
dist/default/production\ECU3.X.production.o
                idloc                            200000   200000        8        0       5
                config                           300000   300000        E        0       4
                mediumconst                        2FEA     2FEA       12     17F5       0
                text14                             2B68     2B68       3C     15B4       0
                text13                             2AF4     2AF4       3A     157A       0
                text12                             2D48     2D48       A6     16A4       0
                text11                             2A32     2A32        6     1519       0
                text10                             2A38     2A38        E     151C       0
                text9                              2B2E     2B2E       3A     1597       0
                text8                              2CB4     2CB4       94     165A       0
                text7                              2C48     2C48       6C     1624       0
                text6                              2BA4     2BA4       46     15D2       0
                text5                              2A46     2A46       18     1523       0
                text4                              2E96     2E96      154     174B       0
                text3                              2BEA     2BEA       5E     15F5       0
                text2                              2A98     2A98       26     154C       0
                text1                              2DEE     2DEE       A8     16F7       0
                text0                              2A78     2A78       20     153C       0
                cstackCOMRAM                         25       25       20        1       1
                dataCOMRAM                           45       45       19        1       1
                bssCOMRAM                             1        1       24        1       1
                cinit                              2ABE     2ABE       36     155F       0
                idataCOMRAM                        2A5F     2A5F       19     2A5F       0

TOTAL           Name                               Link     Load   Length     Space
        CLASS   CODE           
                init                               2FFC     2FFC        4         0
                reset_vec                             0        0        4         0
                text14                             2B68     2B68       3C         0
                text13                             2AF4     2AF4       3A         0
                text12                             2D48     2D48       A6         0
                text11                             2A32     2A32        6         0
                text10                             2A38     2A38        E         0
                text9                              2B2E     2B2E       3A         0
                text8                              2CB4     2CB4       94         0
                text7                              2C48     2C48       6C         0
                text6                              2BA4     2BA4       46         0
                text5                              2A46     2A46       18         0
                text4                              2E96     2E96      154         0
                text3                              2BEA     2BEA       5E         0
                text2                              2A98     2A98       26         0
                text1                              2DEE     2DEE       A8         0
                text0                              2A78     2A78       20         0
                cinit                              2ABE     2ABE       36         0
                idataCOMRAM                        2A5F     2A5F       19         0

        CLASS   CONST          

        CLASS   SMALLCONST     

        CLASS   MEDIUMCONST    
                mediumconst                        2FEA     2FEA       12         0

        CLASS   COMRAM         
                cstackCOMRAM                         25       25       20         1
                dataCOMRAM                           45       45       19         1
                bssCOMRAM                             1        1       24         1

        CLASS   ABS1           

        CLASS   BIGRAM         

        CLASS   RAM            

        CLASS   BANK0          

        CLASS   BANK1          

        CLASS   BANK2          

        CLASS   BANK3          

        CLASS   BANK4          

        CLASS   BANK5          

        CLASS   SFR            

        CLASS   BIGSFR         

        CLASS   CONFIG         
                config                           300000   300000        E         4

        CLASS   IDLOC          
                idloc                            200000   200000        8         5

        CLASS   EEDATA         

        CLASS   FARRAM         

        CLASS   HEAP           

        CLASS   STACK          



SEGMENTS        Name                           Load    Length   Top    Selector   Space  Class

                reset_vec                      000000  000004  000004         0       0  CODE    
                bssCOMRAM                      000001  00005D  00005E         1       1  COMRAM  
                text11                         002A32  000006  002A38      1519       0  CODE    
                text10                         002A38  00000E  002A46      151C       0  CODE    
                text5                          002A46  000018  002A5E      1523       0  CODE    
                idataCOMRAM                    002A5F  000019  002A78      2A5F       0  CODE    
                text0                          002A78  000020  002A98      153C       0  CODE    
                text2                          002A98  000026  002ABE      154C       0  CODE    
                cinit                          002ABE  000036  002AF4      155F       0  CODE    
                text13                         002AF4  00003A  002B2E      157A       0  CODE    
                text9                          002B2E  00003A  002B68      1597       0  CODE    
                text14                         002B68  00003C  002BA4      15B4       0  CODE    
                text6                          002BA4  000046  002BEA      15D2       0  CODE    
                text3                          002BEA  00005E  002C48      15F5       0  CODE    
                text7                          002C48  00006C  002CB4      1624       0  CODE    
                text8                          002CB4  000094  002D48      165A       0  CODE    
                text12                         002D48  0000A6  002DEE      16A4       0  CODE    
                text1                          002DEE  0000A8  002E96      16F7       0  CODE    
                text4                          002E96  000154  002FEA      174B       0  CODE    
                mediumconst                    002FEA  000012  002FFC      17F5       0  MEDIUMCO
                init                           002FFC  000004  003000      17FE       0  CODE    


UNUSED ADDRESS RANGES

        Name                Unused          Largest block    Delta
        BANK0            000060-0000FF               A0
        BANK1            000100-0001FF              100
        BANK2            000200-0002FF              100
        BANK3            000300-0003FF              100
        BANK4            000400-0004FF              100
        BANK5            000500-0005FF              100
        BIGRAM           00005E-0005FF              5A2
        BIGSFR           000D00-000FFF              300
        CODE             000004-002A31             2A2E
                         002A5E-002A5E                1
                         003000-003000                1
        COMRAM           00005E-00005F                2
        CONST            000004-002A31             2A2E
                         002A5E-002A5E                1
                         003000-003000                1
        EEDATA           F00000-F000FF              100
        MEDIUMCONST      000600-002A31             2432
                         002A5E-002A5E                1
                         003000-003000                1
        RAM              000060-0005FF              100
        SFR              000D00-000FFF              100
        SMALLCONST       000600-002A31              100
                         002A5E-002A5E                1
                         003000-003000                1

                                  Symbol Table

?_get_msg_id_std               cstackCOMRAM 000025
_ACQT0                         (abs)        007E03
_ACQT1                         (abs)        007E04
_ACQT2                         (abs)        007E05
_ADCON0                        (abs)        000FC2
_ADCS0                         (abs)        007E00
_ADCS1                         (abs)        007E01
_ADCS2                         (abs)        007E02
_ADFM                          (abs)        007E07
_ADON                          (abs)        007E10
_ADRESH                        (abs)        000FC4
_ADRESL                        (abs)        000FC3
_BRG16                         (abs)        007DC3
_BRGCON1                       (abs)        000F70
_BRGCON2                       (abs)        000F71
_BRGCON3                       (abs)        000F72
_BRGH                          (abs)        007D62
_CANCON                        (abs)        000F6F
_CANSTAT                       (abs)        000F6E
_CREN                          (abs)        007D5C
_ECANCON                       (abs)        000F77
_GO                            (abs)        007E11
_GODONE                        (abs)        007E11
_PORTB                         (abs)        000F81
_PORTD                         (abs)        000F83
_PSA                           (abs)        007EAB
_RB1                           (abs)        007C09
_RB5                           (abs)        007C0D
_RB6                           (abs)        007C0E
_RB7                           (abs)        007C0F
_RBPU                          (abs)        007F8F
_RC0                           (abs)        007C10
_RC1                           (abs)        007C11
_RC2                           (abs)        007C12
_RCIF                          (abs)        007CF5
_RCREG                         (abs)        000FAE
_RD7                           (abs)        007C1F
_RPM                           bssCOMRAM    000009
_RX9                           (abs)        007D5E
_RXB0CON                       (abs)        000F60
_RXB0CONbits                   (abs)        000F60
_RXB0D0                        (abs)        000F66
_RXB0DLC                       (abs)        000F65
_RXB0FUL                       (abs)        007B07
_RXB0IF                        (abs)        007D20
_RXB0SIDH                      (abs)        000F61
_RXB0SIDL                      (abs)        000F62
_RXFCON0                       (abs)        000DD4
_SENDB                         (abs)        007D63
_SPBRG                         (abs)        000FAF
_SPEN                          (abs)        007D5F
_SYNC                          (abs)        007D64
_T08BIT                        (abs)        007EAE
_T0CS                          (abs)        007EAD
_TMR0                          (abs)        000FD6
_TMR0IE                        (abs)        007F95
_TMR0IF                        (abs)        007F92
_TMR0ON                        (abs)        007EAF
_TRISB                         (abs)        000F93
_TRISB2                        (abs)        007C9A
_TRISB3                        (abs)        007C9B
_TRISC                         (abs)        000F94
_TRISC6                        (abs)        007CA6
_TRISC7                        (abs)        007CA7
_TRISD                         (abs)        000F95
_TRISD7                        (abs)        007CAF
_TX9                           (abs)        007D66
_TXB0D0                        (abs)        000F46
_TXB0DLC                       (abs)        000F45
_TXB0EIDH                      (abs)        000F43
_TXB0EIDL                      (abs)        000F44
_TXB0REQ                       (abs)        007A03
_TXB0SIDH                      (abs)        000F41
_TXB0SIDL                      (abs)        000F42
_TXEN                          (abs)        007D65
_TXIF                          (abs)        007CF4
_TXREG                         (abs)        000FAD
_VCFG0                         (abs)        007E0C
_VCFG1                         (abs)        007E0D
__HRAM                         (abs)        000000
__H__absolute__                __absolute__ 000000
__Habs1                        abs1         000000
__Hbank0                       bank0        000000
__Hbank1                       bank1        000000
__Hbank2                       bank2        000000
__Hbank3                       bank3        000000
__Hbank4                       bank4        000000
__Hbank5                       bank5        000000
__Hbigbss                      bigbss       000000
__Hbigdata                     bigdata      000000
__Hbigram                      bigram       000000
__Hbigsfr                      bigsfr       000000
__Hbss                         bss          000000
__HbssCOMRAM                   bssCOMRAM    000000
__Hcinit                       cinit        000000
__Hclrtext                     clrtext      000000
__Hcomram                      comram       000000
__Hconfig                      config       30000E
__Hconst                       const        000000
__HcstackCOMRAM                cstackCOMRAM 000000
__Hdata                        data         000000
__HdataCOMRAM                  dataCOMRAM   000000
__Heeprom_data                 eeprom_data  000000
__Hfarbss                      farbss       000000
__Hfardata                     fardata      000000
__Hheap                        heap         000000
__Hibigdata                    ibigdata     000000
__Hidata                       idata        000000
__HidataCOMRAM                 idataCOMRAM  000000
__Hidloc                       idloc        200008
__Hifardata                    ifardata     000000
__Hinit                        init         003000
__Hintcode                     intcode      000008
__Hintcode_body                intcode_body 000000
__Hintcodelo                   intcodelo    000018
__Hintentry                    intentry     000000
__Hintret                      intret       000000
__Hintsave_regs                intsave_regs 000000
__Hirdata                      irdata       000000
__Hmediumconst                 mediumconst  002FFC
__HnvFARRAM                    nvFARRAM     000000
__Hnvbit                       nvbit        000000
__Hnvrram                      nvrram       000000
__Hparam                       rparam       000000
__Hpowerup                     powerup      000000
__Hram                         ram          000000
__Hramtop                      ramtop       000600
__Hrbit                        rbit         000000
__Hrbss                        rbss         000000
__Hrdata                       rdata        000000
__Hreset_vec                   reset_vec    000004
__Hrparam                      rparam       000000
__Hsfr                         sfr          000000
__Hsivt_hi                     sivt_hi      000000
__Hsivt_lo                     sivt_lo      000018
__Hsmallconst                  smallconst   000000
__Hspace_0                     (abs)        003000
__Hspace_1                     (abs)        00005E
__Hspace_2                     (abs)        000000
__Hspace_4                     (abs)        60000E
__Hstack                       stack        000000
__Hstruct                      struct       000000
__Htemp                        temp         000000
__Htext                        text         000000
__Htext0                       text0        000000
__Htext1                       text1        000000
__Htext10                      text10       000000
__Htext11                      text11       000000
__Htext12                      text12       000000
__Htext13                      text13       000000
__Htext14                      text14       000000
__Htext2                       text2        000000
__Htext3                       text3        000000
__Htext4                       text4        000000
__Htext5                       text5        000000
__Htext6                       text6        000000
__Htext7                       text7        000000
__Htext8                       text8        000000
__Htext9                       text9        000000
__LRAM                         (abs)        000001
__L__absolute__                __absolute__ 000000
__Labs1                        abs1         000000
__Lbank0                       bank0        000000
__Lbank1                       bank1        000000
__Lbank2                       bank2        000000
__Lbank3                       bank3        000000
__Lbank4                       bank4        000000
__Lbank5                       bank5        000000
__Lbigbss                      bigbss       000000
__Lbigdata                     bigdata      000000
__Lbigram                      bigram       000000
__Lbigsfr                      bigsfr       000000
__Lbss                         bss          000000
__LbssCOMRAM                   bssCOMRAM    000000
__Lcinit                       cinit        000000
__Lclrtext                     clrtext      000000
__Lcomram                      comram       000000
__Lconfig                      config       000000
__Lconst                       const        000000
__LcstackCOMRAM                cstackCOMRAM 000000
__Ldata                        data         000000
__LdataCOMRAM                  dataCOMRAM   000000
__Leeprom_data                 eeprom_data  000000
__Lfarbss                      farbss       000000
__Lfardata                     fardata      000000
__Lheap                        heap         000000
__Libigdata                    ibigdata     000000
__Lidata                       idata        000000
__LidataCOMRAM                 idataCOMRAM  000000
__Lidloc                       idloc        000000
__Lifardata                    ifardata     000000
__Linit                        init         002FFC
__Lintcode                     intcode      000008
__Lintcode_body                intcode_body 000000
__Lintcodelo                   intcodelo    000018
__Lintentry                    intentry     000000
__Lintret                      intret       000000
__Lintsave_regs                intsave_regs 000000
__Lirdata                      irdata       000000
__Lmediumconst                 mediumconst  002FEA
__LnvFARRAM                    nvFARRAM     000000
__Lnvbit                       nvbit        000000
__Lnvrram                      nvrram       000000
__Lparam                       rparam       000000
__Lpowerup                     powerup      000000
__Lram                         ram          000000
__Lramtop                      ramtop       000600
__Lrbit                        rbit         000000
__Lrbss                        rbss         000000
__Lrdata                       rdata        000000
__Lreset_vec                   reset_vec    000000
__Lrparam                      rparam       000000
__Lsfr                         sfr          000000
__Lsivt_hi                     sivt_hi      000000
__Lsivt_lo                     sivt_lo      000018
__Lsmallconst                  smallconst   000000
__Lspace_0                     (abs)        000000
__Lspace_1                     (abs)        000000
__Lspace_2                     (abs)        000000
__Lspace_4                     (abs)        000000
__Lstack                       stack        000000
__Lstruct                      struct       000000
__Ltemp                        temp         000000
__Ltext                        text         000000
__Ltext0                       text0        000000
__Ltext1                       text1        000000
__Ltext10                      text10       000000
__Ltext11                      text11       000000
__Ltext12                      text12       000000
__Ltext13                      text13       000000
__Ltext14                      text14       000000
__Ltext2                       text2        000000
__Ltext3                       text3        000000
__Ltext4                       text4        000000
__Ltext5                       text5        000000
__Ltext6                       text6        000000
__Ltext7                       text7        000000
__Ltext8                       text8        000000
__Ltext9                       text9        000000
__S0                           (abs)        003000
__S1                           (abs)        00005E
__S4                           (abs)        000000
__S5                           (abs)        000000
___heap_hi                     (abs)        000000
___heap_lo                     (abs)        000000
___inthi_sp                    stack        000000
___inthi_stack_hi              stack        000000
___inthi_stack_lo              stack        000000
___intlo_sp                    stack        000000
___intlo_stack_hi              stack        000000
___intlo_stack_lo              stack        000000
___param_bank                  (abs)        000000
___rparam_used                 (abs)        000001
___sp                          stack        000000
___stack_hi                    stack        000000
___stack_lo                    stack        000000
__accesstop                    (abs)        000060
__activetblptr                 (abs)        000002
__end_of__initialization       cinit        002AEA
__end_of_can_receive           text8        002D48
__end_of_clcd_print            text7        002CB4
__end_of_clcd_putch            text5        002A5E
__end_of_clcd_write            text13       002B2E
__end_of_get_msg_id_std        text9        002B68
__end_of_handle_gear_data      text6        002BEA
__end_of_handle_indicator_data text4        002FEA
__end_of_handle_rpm_data       text3        002C48
__end_of_handle_speed_data     text2        002ABE
__end_of_init_can              text14       002BA4
__end_of_init_clcd             text12       002DEE
__end_of_init_config           text10       002A46
__end_of_init_leds             text11       002A38
__end_of_main                  text0        002A98
__end_of_process_canbus_data   text1        002E96
__initialization               cinit        002ABE
__mediumconst                  mediumconst  002FEA
__pbssCOMRAM                   bssCOMRAM    000001
__pcinit                       cinit        002ABE
__pcstackCOMRAM                cstackCOMRAM 000025
__pdataCOMRAM                  dataCOMRAM   000045
__pidataCOMRAM                 idataCOMRAM  002A5F
__pmediumconst                 mediumconst  002FEA
__ptext0                       text0        002A78
__ptext1                       text1        002DEE
__ptext10                      text10       002A38
__ptext11                      text11       002A32
__ptext12                      text12       002D48
__ptext13                      text13       002AF4
__ptext14                      text14       002B68
__ptext2                       text2        002A98
__ptext3                       text3        002BEA
__ptext4                       text4        002E96
__ptext5                       text5        002A46
__ptext6                       text6        002BA4
__ptext7                       text7        002C48
__ptext8                       text8        002CB4
__ptext9                       text9        002B2E
__ramtop                       ramtop       000600
__smallconst                   mediumconst  002FEA
_adc_value                     bssCOMRAM    000011
_arr                           bssCOMRAM    00001A
_buff                          bssCOMRAM    00000E
_can_receive                   text8        002CB4
_clcd_print                    text7        002C48
_clcd_putch                    text5        002A46
_clcd_write                    text13       002AF4
_data                          bssCOMRAM    000001
_gear_index                    bssCOMRAM    000017
_get_msg_id_std                text9        002B2E
_handle_gear_data              text6        002BA4
_handle_indicator_data         text4        002E96
_handle_rpm_data               text3        002BEA
_handle_speed_data             text2        002A98
_init_can                      text14       002B68
_init_clcd                     text12       002D48
_init_config                   text10       002A38
_init_leds                     text11       002A32
_key                           bssCOMRAM    000018
_led_state                     bssCOMRAM    000019
_len                           bssCOMRAM    000024
_main                          text0        002A78
_msg_id                        bssCOMRAM    000022
_process_canbus_data           text1        002DEE
_rpm                           bssCOMRAM    000015
_speed                         bssCOMRAM    000013
can_receive@data               cstackCOMRAM 00002E
can_receive@i                  cstackCOMRAM 000035
can_receive@len                cstackCOMRAM 00002F
can_receive@msg_id             cstackCOMRAM 00002D
can_receive@ptr                cstackCOMRAM 000033
clcd_print@addr                cstackCOMRAM 000029
clcd_print@data                cstackCOMRAM 000027
clcd_putch@addr                cstackCOMRAM 000027
clcd_putch@data                cstackCOMRAM 000028
clcd_write@byte                cstackCOMRAM 000026
clcd_write@control_bit         cstackCOMRAM 000025
end_of_initialization          cinit        002AEA
get_msg_id_std@id              cstackCOMRAM 00002B
handle_gear_data@F10710        dataCOMRAM   000045
handle_gear_data@data          cstackCOMRAM 00002A
handle_gear_data@gear_arr      cstackCOMRAM 00002D
handle_gear_data@len           cstackCOMRAM 00002B
handle_indicator_data@data     cstackCOMRAM 000029
handle_indicator_data@len      cstackCOMRAM 00002A
handle_rpm_data@data           cstackCOMRAM 000029
handle_rpm_data@len            cstackCOMRAM 00002A
handle_speed_data@data         cstackCOMRAM 000029
handle_speed_data@len          cstackCOMRAM 00002A
intlevel0                      text         000000
intlevel1                      text         000000
intlevel2                      text         000000
intlevel3                      text         000000
isa$std                        (abs)        000001
isa$xinst                      (abs)        000000
read_matrix_keypad@once        dataCOMRAM   00005D
stackhi                        (abs)        000000
stacklo                        (abs)        000000
start                          init         002FFC
start_initialization           cinit        002ABE


MODULE INFORMATION

Module		Function		Class		Link	Load	Size
message_handler.c
		_handle_gear_data		CODE           	2BA4	0000	70
		_handle_speed_data		CODE           	2A98	0000	38
		_handle_indicator_data		CODE           	2E96	0000	340
		_handle_rpm_data		CODE           	2BEA	0000	94
		_process_canbus_data		CODE           	2DEE	0000	168

message_handler.c estimated size: 710

shared
		__initialization		CODE           	2ABE	0000	44

shared estimated size: 44

clcd.c
		_clcd_write    		CODE           	2AF4	0000	58
		_clcd_print    		CODE           	2C48	0000	108
		_clcd_putch    		CODE           	2A46	0000	24
		_init_clcd     		CODE           	2D48	0000	166

clcd.c estimated size: 356

can.c
		_init_can      		CODE           	2B68	0000	60
		_can_receive   		CODE           	2CB4	0000	148
		_get_msg_id_std		CODE           	2B2E	0000	58

can.c estimated size: 266

main.c
		_init_leds     		CODE           	2A32	0000	6
		_main          		CODE           	2A78	0000	32
		_init_config   		CODE           	2A38	0000	14

main.c estimated size: 52

