Microchip MPLAB XC8 Compiler V3.10

Linker command line:

-W-3 \
  --edf=C:\Program Files\Microchip\xc8\v3.10\pic\dat\20250813170317_en.msgs \
  -cn -h+dist/default/production\ECU1.X.production.sym \
  --cmf=dist/default/production\ECU1.X.production.cmf -z -Q18F4580 \
  -oC:\Users\Hello\AppData\Local\Temp\xcAsnog.0\driver_tmp_3.o \
  --defsym=__MPLAB_BUILD=1 --fixupoverflow=error \
  -Mdist/default/production/ECU1.X.production.map \
  --md=C:\Users\Hello\AppData\Local\Temp\xcAsnog.0\driver_tmp_0.dat -E1 \
  -ver=XC8 Compiler -ACODE=00h-03000h -ACONST=00h-03000h \
  -ASMALLCONST=0600h-06FFhx42,03000h-03000h -AMEDIUMCONST=0600h-03000h \
  -ACOMRAM=01h-05Fh -AABS1=00h-05FFh -ABIGRAM=01h-05FFh \
  -ARAM=060h-0FFh,0100h-01FFhx5 -ABANK0=060h-0FFh -ABANK1=0100h-01FFh \
  -ABANK2=0200h-02FFh -ABANK3=0300h-03FFh -ABANK4=0400h-04FFh \
  -ABANK5=0500h-05FFh -ASFR=0D00h-0DFFhx2,0F00h-0F5Fh,0F60h-0FFFh \
  -ABIGSFR=0D00h-0FFFh -ACONFIG=0300000h-030000Dh -AIDLOC=0200000h-0200007h \
  -AEEDATA=0F00000h-0F000FFh -peeprom_data=EEDATA \
  -preset_vec=00h,intcode=8h,intcodelo=18h,sivt_lo,sivt_hi=CODE \
  -ppowerup=CODE,init -pramtop=0600h -psmallconst=SMALLCONST \
  -pmediumconst=MEDIUMCONST -pconst=CONST -AFARRAM=00h-00h \
  -prdata=COMRAM,nvrram=COMRAM,nvbit=COMRAM,rbss=COMRAM,rbit=COMRAM \
  -pfarbss=FARRAM,fardata=FARRAM,nvFARRAM=FARRAM \
  -pintsave_regs=BIGRAM,bigbss=BIGRAM,bigdata=BIGRAM -pbss=RAM \
  -pidata=CODE,irdata=CODE,ibigdata=CODE,ifardata=CODE -prparam=COMRAM \
  C:\Users\Hello\AppData\Local\Temp\xcAsnog.0\driver_tmp_9.o \
  dist/default/production\ECU1.X.production.o 

Object code version is 3.11

Machine type is 18F4580



                Name                               Link     Load   Length Selector   Space Scale
C:\Users\Hello\AppData\Local\Temp\xcAsnog.0\driver_tmp_9.o
                idloc                            200000   200000        8        0       5
                config                           300000   300000        E        0       4
                init                               2FFC     2FFC        4     17FE       0
                reset_vec                             0        0        4        0       0
dist/default/production\ECU1.X.production.o
                idloc                            200000   200000        8        0       5
                config                           300000   300000        E        0       4
                smallconst                          600      600        2      300       0
                text15                              D14      D14       C0      301       0
                text14                              DD4      DD4       AE      301       0
                text13                             1112     1112       3C      301       0
                text12                              F68      F68       6E      301       0
                text11                              E82      E82       74      301       0
                text10                              EF6      EF6       72      301       0
                text9                               602      602      38E      301       0
                text8                               B44      B44      106      301       0
                text7                               990      990      1B4      301       0
                text6                              1090     1090       46      301       0
                text5                               FD6      FD6       6A      301       0
                text4                              117E     117E       1C      301       0
                text3                              10D6     10D6       3C      301       0
                text2                              11A8     11A8        8      301       0
                text1                              119A     119A        E      301       0
                text0                               C4A      C4A       CA      301       0
                cstackCOMRAM                          1        1       54        1       1
                dataBANK0                            60       60       30       60       1
                bssBANK0                             90       90        B       60       1
                dataCOMRAM                           5E       5E        1        1       1
                bssCOMRAM                            55       55        9        1       1
                cinit                              1040     1040       50      301       0
                idataBANK0                         114E     114E       30      301       0
                idataCOMRAM                        3000     3000        1     17FE       0

TOTAL           Name                               Link     Load   Length     Space
        CLASS   CODE           
                init                               2FFC     2FFC        4         0
                reset_vec                             0        0        4         0
                text15                              D14      D14       C0         0
                text14                              DD4      DD4       AE         0
                text13                             1112     1112       3C         0
                text12                              F68      F68       6E         0
                text11                              E82      E82       74         0
                text10                              EF6      EF6       72         0
                text9                               602      602      38E         0
                text8                               B44      B44      106         0
                text7                               990      990      1B4         0
                text6                              1090     1090       46         0
                text5                               FD6      FD6       6A         0
                text4                              117E     117E       1C         0
                text3                              10D6     10D6       3C         0
                text2                              11A8     11A8        8         0
                text1                              119A     119A        E         0
                text0                               C4A      C4A       CA         0
                cinit                              1040     1040       50         0
                idataBANK0                         114E     114E       30         0
                idataCOMRAM                        3000     3000        1         0

        CLASS   CONST          

        CLASS   SMALLCONST     
                smallconst                          600      600        2         0

        CLASS   MEDIUMCONST    

        CLASS   COMRAM         
                cstackCOMRAM                          1        1       54         1
                dataCOMRAM                           5E       5E        1         1
                bssCOMRAM                            55       55        9         1

        CLASS   ABS1           

        CLASS   BIGRAM         

        CLASS   RAM            

        CLASS   BANK0          
                dataBANK0                            60       60       30         1
                bssBANK0                             90       90        B         1

        CLASS   BANK1          

        CLASS   BANK2          

        CLASS   BANK3          

        CLASS   BANK4          

        CLASS   BANK5          

        CLASS   SFR            

        CLASS   BIGSFR         

        CLASS   CONFIG         
                config                           300000   300000        E         4

        CLASS   IDLOC          
                idloc                            200000   200000        8         5

        CLASS   EEDATA         

        CLASS   FARRAM         

        CLASS   HEAP           

        CLASS   STACK          



SEGMENTS        Name                           Load    Length   Top    Selector   Space  Class

                reset_vec                      000000  000004  000004         0       0  CODE    
                cstackCOMRAM                   000001  00005E  00005F         1       1  COMRAM  
                dataBANK0                      000060  00003B  00009B        60       1  BANK0   
                smallconst                     000600  000002  000602       300       0  SMALLCON
                text9                          000602  000BAE  0011B0       301       0  CODE    
                init                           002FFC  000005  003001      17FE       0  CODE    


UNUSED ADDRESS RANGES

        Name                Unused          Largest block    Delta
        BANK0            00009B-0000FF               65
        BANK1            000100-0001FF              100
        BANK2            000200-0002FF              100
        BANK3            000300-0003FF              100
        BANK4            000400-0004FF              100
        BANK5            000500-0005FF              100
        BIGRAM           00005F-00005F                1
                         00009B-0005FF              565
        BIGSFR           000D00-000FFF              300
        CODE             000004-0005FF              5FC
                         0011B0-002FFB             1E4C
        COMRAM           00005F-00005F                1
        CONST            000004-0005FF              5FC
                         0011B0-002FFB             1E4C
        EEDATA           F00000-F000FF              100
        MEDIUMCONST      0011B0-002FFB             1E4C
        RAM              00009B-0005FF              100
        SFR              000D00-000FFF              100
        SMALLCONST       0011B0-002FFB              100

                                  Symbol Table

?___awdiv                          cstackCOMRAM 000001
?___awmod                          cstackCOMRAM 000001
?___fldiv                          cstackCOMRAM 00000F
?___fltol                          cstackCOMRAM 000028
?___xxtofl                         cstackCOMRAM 000001
?_get_speed                        cstackCOMRAM 000032
?_read_adc                         cstackCOMRAM 000001
_ACQT0                             (abs)        007E03
_ACQT1                             (abs)        007E04
_ACQT2                             (abs)        007E05
_ADCON0                            (abs)        000FC2
_ADCS0                             (abs)        007E00
_ADCS1                             (abs)        007E01
_ADCS2                             (abs)        007E02
_ADFM                              (abs)        007E07
_ADON                              (abs)        007E10
_ADRESH                            (abs)        000FC4
_ADRESL                            (abs)        000FC3
_BRG16                             (abs)        007DC3
_BRGCON1                           (abs)        000F70
_BRGCON2                           (abs)        000F71
_BRGCON3                           (abs)        000F72
_BRGH                              (abs)        007D62
_CANCON                            (abs)        000F6F
_CANSTAT                           (abs)        000F6E
_CREN                              (abs)        007D5C
_ECANCON                           (abs)        000F77
_GO                                (abs)        007E11
_GODONE                            (abs)        007E11
_PORTC                             (abs)        000F82
_RCIF                              (abs)        007CF5
_RCREG                             (abs)        000FAE
_RX9                               (abs)        007D5E
_RXB0CON                           (abs)        000F60
_RXB0CONbits                       (abs)        000F60
_RXB0D0                            (abs)        000F66
_RXB0DLC                           (abs)        000F65
_RXB0FUL                           (abs)        007B07
_RXB0IF                            (abs)        007D20
_RXB0SIDH                          (abs)        000F61
_RXB0SIDL                          (abs)        000F62
_RXFCON0                           (abs)        000DD4
_SENDB                             (abs)        007D63
_SPBRG                             (abs)        000FAF
_SPEN                              (abs)        007D5F
_SYNC                              (abs)        007D64
_TRISB2                            (abs)        007C9A
_TRISB3                            (abs)        007C9B
_TRISC                             (abs)        000F94
_TRISC6                            (abs)        007CA6
_TRISC7                            (abs)        007CA7
_TX9                               (abs)        007D66
_TXB0D0                            (abs)        000F46
_TXB0DLC                           (abs)        000F45
_TXB0EIDH                          (abs)        000F43
_TXB0EIDL                          (abs)        000F44
_TXB0REQ                           (abs)        007A03
_TXB0SIDH                          (abs)        000F41
_TXB0SIDL                          (abs)        000F42
_TXEN                              (abs)        007D65
_TXIF                              (abs)        007CF4
_TXREG                             (abs)        000FAD
_VCFG0                             (abs)        007E0C
_VCFG1                             (abs)        007E0D
__HRAM                             (abs)        000000
__H__absolute__                    __absolute__ 000000
__Habs1                            abs1         000000
__Hbank0                           bank0        000000
__Hbank1                           bank1        000000
__Hbank2                           bank2        000000
__Hbank3                           bank3        000000
__Hbank4                           bank4        000000
__Hbank5                           bank5        000000
__Hbigbss                          bigbss       000000
__Hbigdata                         bigdata      000000
__Hbigram                          bigram       000000
__Hbigsfr                          bigsfr       000000
__Hbss                             bss          000000
__HbssBANK0                        bssBANK0     000000
__HbssCOMRAM                       bssCOMRAM    000000
__Hcinit                           cinit        000000
__Hclrtext                         clrtext      000000
__Hcomram                          comram       000000
__Hconfig                          config       30000E
__Hconst                           const        000000
__HcstackCOMRAM                    cstackCOMRAM 000000
__Hdata                            data         000000
__HdataBANK0                       dataBANK0    000000
__HdataCOMRAM                      dataCOMRAM   000000
__Heeprom_data                     eeprom_data  000000
__Hfarbss                          farbss       000000
__Hfardata                         fardata      000000
__Hheap                            heap         000000
__Hibigdata                        ibigdata     000000
__Hidata                           idata        000000
__HidataBANK0                      idataBANK0   000000
__HidataCOMRAM                     idataCOMRAM  000000
__Hidloc                           idloc        200008
__Hifardata                        ifardata     000000
__Hinit                            init         003000
__Hintcode                         intcode      000008
__Hintcode_body                    intcode_body 000000
__Hintcodelo                       intcodelo    000018
__Hintentry                        intentry     000000
__Hintret                          intret       000000
__Hintsave_regs                    intsave_regs 000000
__Hirdata                          irdata       000000
__Hmediumconst                     mediumconst  000000
__HnvFARRAM                        nvFARRAM     000000
__Hnvbit                           nvbit        000000
__Hnvrram                          nvrram       000000
__Hparam                           rparam       000000
__Hpowerup                         powerup      000000
__Hram                             ram          000000
__Hramtop                          ramtop       000600
__Hrbit                            rbit         000000
__Hrbss                            rbss         000000
__Hrdata                           rdata        000000
__Hreset_vec                       reset_vec    000004
__Hrparam                          rparam       000000
__Hsfr                             sfr          000000
__Hsivt_hi                         sivt_hi      000000
__Hsivt_lo                         sivt_lo      000018
__Hsmallconst                      smallconst   000602
__Hspace_0                         (abs)        003001
__Hspace_1                         (abs)        00009B
__Hspace_2                         (abs)        000000
__Hspace_4                         (abs)        60000E
__Hstack                           stack        000000
__Hstruct                          struct       000000
__Htemp                            temp         000000
__Htext                            text         000000
__Htext0                           text0        000000
__Htext1                           text1        000000
__Htext10                          text10       000000
__Htext11                          text11       000000
__Htext12                          text12       000000
__Htext13                          text13       000000
__Htext14                          text14       000000
__Htext15                          text15       000000
__Htext2                           text2        000000
__Htext3                           text3        000000
__Htext4                           text4        000000
__Htext5                           text5        000000
__Htext6                           text6        000000
__Htext7                           text7        000000
__Htext8                           text8        000000
__Htext9                           text9        000000
__LRAM                             (abs)        000001
__L__absolute__                    __absolute__ 000000
__Labs1                            abs1         000000
__Lbank0                           bank0        000000
__Lbank1                           bank1        000000
__Lbank2                           bank2        000000
__Lbank3                           bank3        000000
__Lbank4                           bank4        000000
__Lbank5                           bank5        000000
__Lbigbss                          bigbss       000000
__Lbigdata                         bigdata      000000
__Lbigram                          bigram       000000
__Lbigsfr                          bigsfr       000000
__Lbss                             bss          000000
__LbssBANK0                        bssBANK0     000000
__LbssCOMRAM                       bssCOMRAM    000000
__Lcinit                           cinit        000000
__Lclrtext                         clrtext      000000
__Lcomram                          comram       000000
__Lconfig                          config       000000
__Lconst                           const        000000
__LcstackCOMRAM                    cstackCOMRAM 000000
__Ldata                            data         000000
__LdataBANK0                       dataBANK0    000000
__LdataCOMRAM                      dataCOMRAM   000000
__Leeprom_data                     eeprom_data  000000
__Lfarbss                          farbss       000000
__Lfardata                         fardata      000000
__Lheap                            heap         000000
__Libigdata                        ibigdata     000000
__Lidata                           idata        000000
__LidataBANK0                      idataBANK0   000000
__LidataCOMRAM                     idataCOMRAM  000000
__Lidloc                           idloc        000000
__Lifardata                        ifardata     000000
__Linit                            init         002FFC
__Lintcode                         intcode      000008
__Lintcode_body                    intcode_body 000000
__Lintcodelo                       intcodelo    000018
__Lintentry                        intentry     000000
__Lintret                          intret       000000
__Lintsave_regs                    intsave_regs 000000
__Lirdata                          irdata       000000
__Lmediumconst                     mediumconst  000000
__LnvFARRAM                        nvFARRAM     000000
__Lnvbit                           nvbit        000000
__Lnvrram                          nvrram       000000
__Lparam                           rparam       000000
__Lpowerup                         powerup      000000
__Lram                             ram          000000
__Lramtop                          ramtop       000600
__Lrbit                            rbit         000000
__Lrbss                            rbss         000000
__Lrdata                           rdata        000000
__Lreset_vec                       reset_vec    000000
__Lrparam                          rparam       000000
__Lsfr                             sfr          000000
__Lsivt_hi                         sivt_hi      000000
__Lsivt_lo                         sivt_lo      000018
__Lsmallconst                      smallconst   000600
__Lspace_0                         (abs)        000000
__Lspace_1                         (abs)        000000
__Lspace_2                         (abs)        000000
__Lspace_4                         (abs)        000000
__Lstack                           stack        000000
__Lstruct                          struct       000000
__Ltemp                            temp         000000
__Ltext                            text         000000
__Ltext0                           text0        000000
__Ltext1                           text1        000000
__Ltext10                          text10       000000
__Ltext11                          text11       000000
__Ltext12                          text12       000000
__Ltext13                          text13       000000
__Ltext14                          text14       000000
__Ltext15                          text15       000000
__Ltext2                           text2        000000
__Ltext3                           text3        000000
__Ltext4                           text4        000000
__Ltext5                           text5        000000
__Ltext6                           text6        000000
__Ltext7                           text7        000000
__Ltext8                           text8        000000
__Ltext9                           text9        000000
__S0                               (abs)        003001
__S1                               (abs)        00009B
__S4                               (abs)        000000
__S5                               (abs)        000000
___awdiv                           text15       000D14
___awdiv@counter                   cstackCOMRAM 000005
___awdiv@dividend                  cstackCOMRAM 000001
___awdiv@divisor                   cstackCOMRAM 000003
___awdiv@quotient                  cstackCOMRAM 000007
___awdiv@sign                      cstackCOMRAM 000006
___awmod                           text14       000DD4
___awmod@counter                   cstackCOMRAM 000005
___awmod@dividend                  cstackCOMRAM 000001
___awmod@divisor                   cstackCOMRAM 000003
___awmod@sign                      cstackCOMRAM 000006
___fldiv                           text9        000602
___fldiv@a                         cstackCOMRAM 000013
___fldiv@aexp                      cstackCOMRAM 000027
___fldiv@b                         cstackCOMRAM 00000F
___fldiv@bexp                      cstackCOMRAM 000026
___fldiv@grs                       cstackCOMRAM 000022
___fldiv@new_exp                   cstackCOMRAM 000020
___fldiv@rem                       cstackCOMRAM 00001B
___fldiv@sign                      cstackCOMRAM 00001F
___fltol                           text8        000B44
___fltol@exp1                      cstackCOMRAM 000031
___fltol@f1                        cstackCOMRAM 000028
___fltol@sign1                     cstackCOMRAM 000030
___heap_hi                         (abs)        000000
___heap_lo                         (abs)        000000
___inthi_sp                        stack        000000
___inthi_stack_hi                  stack        000000
___inthi_stack_lo                  stack        000000
___intlo_sp                        stack        000000
___intlo_stack_hi                  stack        000000
___intlo_stack_lo                  stack        000000
___param_bank                      (abs)        000000
___rparam_used                     (abs)        000001
___sp                              stack        000000
___stack_hi                        stack        000000
___stack_lo                        stack        000000
___xxtofl                          text7        000990
___xxtofl@arg                      cstackCOMRAM 00000B
___xxtofl@exp                      cstackCOMRAM 00000A
___xxtofl@sign                     cstackCOMRAM 000009
___xxtofl@val                      cstackCOMRAM 000001
__accesstop                        (abs)        000060
__activetblptr                     (abs)        000000
__end_of___awdiv                   text15       000DD4
__end_of___awmod                   text14       000E82
__end_of___fldiv                   text9        000990
__end_of___fltol                   text8        000C4A
__end_of___xxtofl                  text7        000B44
__end_of__initialization           cinit        00108A
__end_of_can_transmit              text12       000FD6
__end_of_get_gear_pos              text10       000F68
__end_of_get_speed                 text5        001040
__end_of_init_adc                  text4        00119A
__end_of_init_can                  text3        001112
__end_of_init_config               text1        0011A8
__end_of_init_digital_keypad       text2        0011B0
__end_of_main                      text0        000D14
__end_of_read_adc                  text6        0010D6
__end_of_read_digital_keypad       text11       000EF6
__end_of_set_msg_id_std            text13       00114E
__initialization                   cinit        001040
__mediumconst                      smallconst   000600
__pbssBANK0                        bssBANK0     000090
__pbssCOMRAM                       bssCOMRAM    000055
__pcinit                           cinit        001040
__pcstackCOMRAM                    cstackCOMRAM 000001
__pdataBANK0                       dataBANK0    000060
__pdataCOMRAM                      dataCOMRAM   00005E
__pidataBANK0                      idataBANK0   00114E
__pidataCOMRAM                     idataCOMRAM  003000
__psmallconst                      smallconst   000600
__ptext0                           text0        000C4A
__ptext1                           text1        00119A
__ptext10                          text10       000EF6
__ptext11                          text11       000E82
__ptext12                          text12       000F68
__ptext13                          text13       001112
__ptext14                          text14       000DD4
__ptext15                          text15       000D14
__ptext2                           text2        0011A8
__ptext3                           text3        0010D6
__ptext4                           text4        00117E
__ptext5                           text5        000FD6
__ptext6                           text6        001090
__ptext7                           text7        000990
__ptext8                           text8        000B44
__ptext9                           text9        000602
__ramtop                           ramtop       000600
__smallconst                       smallconst   000600
_adc_value                         bssCOMRAM    000057
_arr                               dataBANK0    000060
_buff                              bssBANK0     000098
_can_transmit                      text12       000F68
_data                              bssBANK0     000090
_gear_index                        bssCOMRAM    00005C
_get_gear_pos                      text10       000EF6
_get_speed                         text5        000FD6
_init_adc                          text4        00117E
_init_can                          text3        0010D6
_init_config                       text1        00119A
_init_digital_keypad               text2        0011A8
_key                               bssCOMRAM    00005B
_len                               bssCOMRAM    00005D
_main                              text0        000C4A
_msg_id                            bssCOMRAM    000059
_read_adc                          text6        001090
_read_digital_keypad               text11       000E82
_set_msg_id_std                    text13       001112
_speed                             bssCOMRAM    000055
can_transmit@data                  cstackCOMRAM 000007
can_transmit@i                     cstackCOMRAM 00000E
can_transmit@len                   cstackCOMRAM 000008
can_transmit@msg_id                cstackCOMRAM 000005
can_transmit@ptr                   cstackCOMRAM 00000C
end_of_initialization              cinit        00108A
intlevel0                          text         000000
intlevel1                          text         000000
intlevel2                          text         000000
intlevel3                          text         000000
isa$std                            (abs)        000001
isa$xinst                          (abs)        000000
main@F10511                        dataBANK0    000078
main@arr                           cstackCOMRAM 000034
main@buff                          cstackCOMRAM 000053
main@gear                          cstackCOMRAM 000050
main@speed                         cstackCOMRAM 000051
main@wait                          cstackCOMRAM 00004C
main@wait_69                       cstackCOMRAM 00004E
read_adc@channel                   cstackCOMRAM 000007
read_adc@reg_val                   cstackCOMRAM 000005
read_digital_keypad@detection_type cstackCOMRAM 000001
read_digital_keypad@once           dataCOMRAM   00005E
set_msg_id_std@id                  cstackCOMRAM 000001
stackhi                            (abs)        000000
stacklo                            (abs)        000000
start                              init         002FFC
start_initialization               cinit        001040


MODULE INFORMATION

Module		Function		Class		Link	Load	Size
digital_keypad.c
		_init_digital_keypad		CODE           	11A8	0000	8
		_read_digital_keypad		CODE           	0E82	0000	116

digital_keypad.c estimated size: 124

C:\Program Files\Microchip\xc8\v3.10\pic\sources\c99\common\awmod.c
		___awmod       		CODE           	0DD4	0000	174

C:\Program Files\Microchip\xc8\v3.10\pic\sources\c99\common\awmod.c estimated size: 174

C:\Program Files\Microchip\xc8\v3.10\pic\sources\c99\common\awdiv.c
		___awdiv       		CODE           	0D14	0000	192

C:\Program Files\Microchip\xc8\v3.10\pic\sources\c99\common\awdiv.c estimated size: 192

adc.c
		_init_adc      		CODE           	117E	0000	28
		_read_adc      		CODE           	1090	0000	70

adc.c estimated size: 98

C:\Program Files\Microchip\xc8\v3.10\pic\sources\c99\common\fltol.c
		___fltol       		CODE           	0B44	0000	262

C:\Program Files\Microchip\xc8\v3.10\pic\sources\c99\common\fltol.c estimated size: 262

C:\Program Files\Microchip\xc8\v3.10\pic\sources\c99\common\xxtofl.c
		___xxtofl      		CODE           	0990	0000	436

C:\Program Files\Microchip\xc8\v3.10\pic\sources\c99\common\xxtofl.c estimated size: 436

C:\Program Files\Microchip\xc8\v3.10\pic\sources\c99\common\sprcdiv.c
		___fldiv       		CODE           	0602	0000	910

C:\Program Files\Microchip\xc8\v3.10\pic\sources\c99\common\sprcdiv.c estimated size: 910

shared
		__initialization		CODE           	1040	0000	74

shared estimated size: 74

ecu1_sensor.c
		_get_speed     		CODE           	0FD6	0000	106
		_get_gear_pos  		CODE           	0EF6	0000	114

ecu1_sensor.c estimated size: 220

can.c
		_set_msg_id_std		CODE           	1112	0000	60
		_can_transmit  		CODE           	0F68	0000	110
		_init_can      		CODE           	10D6	0000	60

can.c estimated size: 230

main.c
		_main          		CODE           	0C4A	0000	202
		_init_config   		CODE           	119A	0000	14

main.c estimated size: 216

